// Jest Snapshot v1, https://goo.gl/fbAQLP

exports[`render CarsForumBlock 1`] = `
<div
  className="preloader"
>
  <div
    className="loader"
  />
</div>
`;
